mode: set
gitlab.vk-golang.com/vk-golang/lectures/03_net1/99_hw/coverage/client.go:69.80,73.19 2 1
gitlab.vk-golang.com/vk-golang/lectures/03_net1/99_hw/coverage/client.go:73.19,75.3 1 0
gitlab.vk-golang.com/vk-golang/lectures/03_net1/99_hw/coverage/client.go:76.2,76.20 1 1
gitlab.vk-golang.com/vk-golang/lectures/03_net1/99_hw/coverage/client.go:76.20,78.3 1 0
gitlab.vk-golang.com/vk-golang/lectures/03_net1/99_hw/coverage/client.go:79.2,79.20 1 1
gitlab.vk-golang.com/vk-golang/lectures/03_net1/99_hw/coverage/client.go:79.20,81.3 1 0
gitlab.vk-golang.com/vk-golang/lectures/03_net1/99_hw/coverage/client.go:84.2,96.16 10 1
gitlab.vk-golang.com/vk-golang/lectures/03_net1/99_hw/coverage/client.go:96.16,97.54 1 0
gitlab.vk-golang.com/vk-golang/lectures/03_net1/99_hw/coverage/client.go:97.54,99.4 1 0
gitlab.vk-golang.com/vk-golang/lectures/03_net1/99_hw/coverage/client.go:100.3,100.50 1 0
gitlab.vk-golang.com/vk-golang/lectures/03_net1/99_hw/coverage/client.go:102.2,105.25 3 1
gitlab.vk-golang.com/vk-golang/lectures/03_net1/99_hw/coverage/client.go:106.31,107.44 1 1
gitlab.vk-golang.com/vk-golang/lectures/03_net1/99_hw/coverage/client.go:108.38,109.53 1 0
gitlab.vk-golang.com/vk-golang/lectures/03_net1/99_hw/coverage/client.go:110.29,113.17 3 0
gitlab.vk-golang.com/vk-golang/lectures/03_net1/99_hw/coverage/client.go:113.17,115.4 1 0
gitlab.vk-golang.com/vk-golang/lectures/03_net1/99_hw/coverage/client.go:116.3,116.42 1 0
gitlab.vk-golang.com/vk-golang/lectures/03_net1/99_hw/coverage/client.go:116.42,118.4 1 0
gitlab.vk-golang.com/vk-golang/lectures/03_net1/99_hw/coverage/client.go:119.3,119.73 1 0
gitlab.vk-golang.com/vk-golang/lectures/03_net1/99_hw/coverage/client.go:122.2,125.16 4 0
gitlab.vk-golang.com/vk-golang/lectures/03_net1/99_hw/coverage/client.go:125.16,127.3 1 0
gitlab.vk-golang.com/vk-golang/lectures/03_net1/99_hw/coverage/client.go:129.2,130.28 2 0
gitlab.vk-golang.com/vk-golang/lectures/03_net1/99_hw/coverage/client.go:130.28,133.3 2 0
gitlab.vk-golang.com/vk-golang/lectures/03_net1/99_hw/coverage/client.go:133.8,135.3 1 0
gitlab.vk-golang.com/vk-golang/lectures/03_net1/99_hw/coverage/client.go:137.2,137.21 1 0
gitlab.vk-golang.com/vk-golang/lectures/03_net1/99_hw/coverage/server.go:24.39,26.16 2 0
gitlab.vk-golang.com/vk-golang/lectures/03_net1/99_hw/coverage/server.go:26.16,28.3 1 0
gitlab.vk-golang.com/vk-golang/lectures/03_net1/99_hw/coverage/server.go:30.2,32.16 3 0
gitlab.vk-golang.com/vk-golang/lectures/03_net1/99_hw/coverage/server.go:32.16,34.3 1 0
gitlab.vk-golang.com/vk-golang/lectures/03_net1/99_hw/coverage/server.go:35.2,35.19 1 0
gitlab.vk-golang.com/vk-golang/lectures/03_net1/99_hw/coverage/server.go:38.67,40.29 2 0
gitlab.vk-golang.com/vk-golang/lectures/03_net1/99_hw/coverage/server.go:40.29,41.42 1 0
gitlab.vk-golang.com/vk-golang/lectures/03_net1/99_hw/coverage/server.go:41.42,43.4 1 0
gitlab.vk-golang.com/vk-golang/lectures/03_net1/99_hw/coverage/server.go:45.3,45.60 1 0
gitlab.vk-golang.com/vk-golang/lectures/03_net1/99_hw/coverage/server.go:45.60,47.4 1 0
gitlab.vk-golang.com/vk-golang/lectures/03_net1/99_hw/coverage/server.go:49.2,49.22 1 0
gitlab.vk-golang.com/vk-golang/lectures/03_net1/99_hw/coverage/server.go:52.78,54.40 2 0
gitlab.vk-golang.com/vk-golang/lectures/03_net1/99_hw/coverage/server.go:54.40,56.21 2 0
gitlab.vk-golang.com/vk-golang/lectures/03_net1/99_hw/coverage/server.go:57.13,58.38 1 0
gitlab.vk-golang.com/vk-golang/lectures/03_net1/99_hw/coverage/server.go:59.15,60.88 1 0
gitlab.vk-golang.com/vk-golang/lectures/03_net1/99_hw/coverage/server.go:61.14,62.40 1 0
gitlab.vk-golang.com/vk-golang/lectures/03_net1/99_hw/coverage/server.go:65.3,65.20 1 0
gitlab.vk-golang.com/vk-golang/lectures/03_net1/99_hw/coverage/server.go:65.20,67.4 1 0
gitlab.vk-golang.com/vk-golang/lectures/03_net1/99_hw/coverage/server.go:68.3,68.16 1 0
gitlab.vk-golang.com/vk-golang/lectures/03_net1/99_hw/coverage/server.go:71.2,71.14 1 0
gitlab.vk-golang.com/vk-golang/lectures/03_net1/99_hw/coverage/server.go:74.46,77.29 2 0
gitlab.vk-golang.com/vk-golang/lectures/03_net1/99_hw/coverage/server.go:77.29,84.3 1 0
gitlab.vk-golang.com/vk-golang/lectures/03_net1/99_hw/coverage/server.go:86.2,86.22 1 0
gitlab.vk-golang.com/vk-golang/lectures/03_net1/99_hw/coverage/server.go:89.59,90.55 1 1
gitlab.vk-golang.com/vk-golang/lectures/03_net1/99_hw/coverage/server.go:90.55,93.3 2 1
gitlab.vk-golang.com/vk-golang/lectures/03_net1/99_hw/coverage/server.go:95.2,96.16 2 0
gitlab.vk-golang.com/vk-golang/lectures/03_net1/99_hw/coverage/server.go:96.16,99.3 2 0
gitlab.vk-golang.com/vk-golang/lectures/03_net1/99_hw/coverage/server.go:101.2,102.47 2 0
gitlab.vk-golang.com/vk-golang/lectures/03_net1/99_hw/coverage/server.go:102.47,104.3 1 0
gitlab.vk-golang.com/vk-golang/lectures/03_net1/99_hw/coverage/server.go:106.2,106.63 1 0
gitlab.vk-golang.com/vk-golang/lectures/03_net1/99_hw/coverage/server.go:106.63,109.3 2 0
gitlab.vk-golang.com/vk-golang/lectures/03_net1/99_hw/coverage/server.go:111.2,111.56 1 0
gitlab.vk-golang.com/vk-golang/lectures/03_net1/99_hw/coverage/server.go:111.56,114.3 2 0
gitlab.vk-golang.com/vk-golang/lectures/03_net1/99_hw/coverage/server.go:116.2,116.53 1 0
gitlab.vk-golang.com/vk-golang/lectures/03_net1/99_hw/coverage/server.go:116.53,118.25 2 0
gitlab.vk-golang.com/vk-golang/lectures/03_net1/99_hw/coverage/server.go:118.25,120.4 1 0
gitlab.vk-golang.com/vk-golang/lectures/03_net1/99_hw/coverage/server.go:121.3,121.24 1 0
gitlab.vk-golang.com/vk-golang/lectures/03_net1/99_hw/coverage/server.go:124.2,129.16 4 0
